
=== add_to_cart_1 — Add product to cart and verify in cart page ===
Result: PASS
  [pass] navigate — selector: goto('/')
  [pass] fill — selector: getByRole('textbox', { name: 'Username' })
  [pass] fill — selector: getByRole('textbox', { name: 'Password' })
  [pass] click — selector: getByRole('button', { name: 'Login' })
  [pass] click — selector: getByRole('button', { name: 'Add to cart' }).nth(0) — auto-disambiguated: getByRole('button', { name: 'Add to cart' }).nth(0)
  [pass] checkText — selector: getByTestId('shopping-cart-badge')
  [pass] click — selector: getByTestId('shopping-cart-link')
  [pass] checkText — selector: getByRole('link', { name: 'Sauce Labs Backpack' })

=== add_to_cart_2 — Add multiple products to cart ===
Result: PASS
  [pass] navigate — selector: goto('/')
  [pass] fill — selector: getByRole('textbox', { name: 'Username' })
  [pass] fill — selector: getByRole('textbox', { name: 'Password' })
  [pass] click — selector: getByRole('button', { name: 'Login' })
  [pass] click — selector: getByRole('button', { name: 'Add to cart' }).nth(0) — auto-disambiguated: getByRole('button', { name: 'Add to cart' }).nth(0)
  [pass] click — selector: getByRole('button', { name: 'Add to cart' }).nth(0) — auto-disambiguated: getByRole('button', { name: 'Add to cart' }).nth(0)
  [pass] checkText — selector: getByTestId('shopping-cart-badge')

=== add_to_cart_3 — Remove product from cart on inventory page ===
Result: PASS
  [pass] navigate — selector: goto('/')
  [pass] fill — selector: getByRole('textbox', { name: 'Username' })
  [pass] fill — selector: getByRole('textbox', { name: 'Password' })
  [pass] click — selector: getByRole('button', { name: 'Login' })
  [pass] click — selector: getByRole('button', { name: 'Add to cart' }).nth(0) — auto-disambiguated: getByRole('button', { name: 'Add to cart' }).nth(0)
  [pass] click — selector: getByRole('button', { name: 'Remove' })
  [pass] checkHidden — selector: getByTestId('shopping-cart-badge')

=== add_to_cart_4 — Add product from product detail page ===
Result: PASS
  [pass] navigate — selector: goto('/')
  [pass] fill — selector: getByRole('textbox', { name: 'Username' })
  [pass] fill — selector: getByRole('textbox', { name: 'Password' })
  [pass] click — selector: getByRole('button', { name: 'Login' })
  [pass] click — selector: getByRole('link', { name: 'Sauce Labs Backpack' }).nth(0) — auto-disambiguated: getByRole('link', { name: 'Sauce Labs Backpack' }).nth(0)
  [pass] click — selector: getByRole('button', { name: 'Add to cart' })
  [pass] checkText — selector: getByTestId('shopping-cart-badge')

=== add_to_cart_5 — Verify cart remains populated after navigating back and forth ===
Result: PASS
  [pass] navigate — selector: goto('/')
  [pass] fill — selector: getByRole('textbox', { name: 'Username' })
  [pass] fill — selector: getByRole('textbox', { name: 'Password' })
  [pass] click — selector: getByRole('button', { name: 'Login' })
  [pass] click — selector: getByRole('button', { name: 'Add to cart' }).nth(0) — auto-disambiguated: getByRole('button', { name: 'Add to cart' }).nth(0)
  [pass] click — selector: getByTestId('shopping-cart-link')
  [pass] click — selector: getByText('Continue Shopping')
  [pass] checkText — selector: getByTestId('shopping-cart-badge')

=== login_invalid_1 — Invalid username and password login attempt ===
Result: PASS
  [pass] navigate — selector: goto('/')
  [pass] fill — selector: getByRole('textbox', { name: 'Username' })
  [pass] fill — selector: getByRole('textbox', { name: 'Password' })
  [pass] click — selector: getByRole('button', { name: 'Login' })
  [pass] checkVisible — selector: getByText('Epic sadface: Username and password do not match any user in this service')

=== login_invalid_2 — Locked out user login attempt ===
Result: PASS
  [pass] navigate — selector: goto('/')
  [pass] fill — selector: getByRole('textbox', { name: 'Username' })
  [pass] fill — selector: getByRole('textbox', { name: 'Password' })
  [pass] click — selector: getByRole('button', { name: 'Login' })
  [pass] checkVisible — selector: getByText('Epic sadface: Sorry, this user has been locked out.')

=== login_invalid_3 — Blank username login attempt ===
Result: PASS
  [pass] navigate — selector: goto('/')
  [pass] fill — selector: getByRole('textbox', { name: 'Username' })
  [pass] fill — selector: getByRole('textbox', { name: 'Password' })
  [pass] click — selector: getByRole('button', { name: 'Login' })
  [pass] navigate — selector: goto('/')
  [pass] fill — selector: getByRole('textbox', { name: 'Password' })
  [pass] click — selector: getByRole('button', { name: 'Login' })
  [pass] checkVisible — selector: getByText('Epic sadface: Username is required')

=== login_invalid_4 — Blank password login attempt ===
Result: PASS
  [pass] navigate — selector: goto('/')
  [pass] fill — selector: getByRole('textbox', { name: 'Username' })
  [pass] fill — selector: getByRole('textbox', { name: 'Password' })
  [pass] click — selector: getByRole('button', { name: 'Login' })
  [pass] navigate — selector: goto('/')
  [pass] fill — selector: getByRole('textbox', { name: 'Username' })
  [pass] click — selector: getByRole('button', { name: 'Login' })
  [pass] checkVisible — selector: getByText('Epic sadface: Password is required')

=== login_invalid_5 — Successful login with valid standard user credentials ===
Result: PASS
  [pass] navigate — selector: goto('/')
  [pass] fill — selector: getByRole('textbox', { name: 'Username' })
  [pass] fill — selector: getByRole('textbox', { name: 'Password' })
  [pass] click — selector: getByRole('button', { name: 'Login' })
  [pass] checkText — selector: getByText('Products')

=== login_valid_1 — Successful login with valid credentials ===
Result: PASS
  [pass] navigate — selector: goto('https://www.saucedemo.com/')
  [pass] fill — selector: getByRole('textbox', { name: 'Username' })
  [pass] fill — selector: getByRole('textbox', { name: 'Password' })
  [pass] click — selector: getByRole('button', { name: 'Login' })
  [pass] checkVisible — selector: getByText('Products')

=== login_valid_2 — Login fails with locked out user credentials ===
Result: PASS
  [pass] navigate — selector: goto('https://www.saucedemo.com/')
  [pass] fill — selector: getByRole('textbox', { name: 'Username' })
  [pass] fill — selector: getByRole('textbox', { name: 'Password' })
  [pass] click — selector: getByRole('button', { name: 'Login' })
  [pass] checkVisible — selector: getByText('Epic sadface: Sorry, this user has been locked out.')

=== login_valid_3 — Login fails with incorrect password ===
Result: PASS
  [pass] navigate — selector: goto('https://www.saucedemo.com/')
  [pass] fill — selector: getByRole('textbox', { name: 'Username' })
  [pass] fill — selector: getByRole('textbox', { name: 'Password' })
  [pass] click — selector: getByRole('button', { name: 'Login' })
  [pass] checkVisible — selector: getByText('Epic sadface: Username and password do not match any user in this service')

=== login_valid_4 — Login fails with missing username and password ===
Result: PASS
  [pass] navigate — selector: goto('/')
  [pass] fill — selector: getByRole('textbox', { name: 'Username' })
  [pass] fill — selector: getByRole('textbox', { name: 'Password' })
  [pass] click — selector: getByRole('button', { name: 'Login' })
  [pass] navigate — selector: goto('https://www.saucedemo.com/')
  [pass] click — selector: getByRole('button', { name: 'Login' })
  [pass] checkVisible — selector: getByText('Epic sadface: Username is required')

=== login_valid_5 — Login fails with missing password only ===
Result: PASS
  [pass] navigate — selector: goto('/')
  [pass] fill — selector: getByRole('textbox', { name: 'Username' })
  [pass] fill — selector: getByRole('textbox', { name: 'Password' })
  [pass] click — selector: getByRole('button', { name: 'Login' })
  [pass] navigate — selector: goto('https://www.saucedemo.com/')
  [pass] fill — selector: getByRole('textbox', { name: 'Username' })
  [pass] click — selector: getByRole('button', { name: 'Login' })
  [pass] checkVisible — selector: getByText('Epic sadface: Password is required')

=== Summary: 15/15 test cases PASSED (6 step(s) auto-disambiguated) ===
