
=== add_to_cart.txt ===
Generated 5 test cases
[
  {
    "name": "Add product to cart and verify in cart page",
    "priority": "high",
    "category": "happy-path",
    "steps": [
      {
        "type": "given",
        "action": "navigate to login page",
        "target_hint": "url: /"
      },
      {
        "type": "when",
        "action": "fill username",
        "target_hint": "textbox: Username",
        "value": "standard_user"
      },
      {
        "type": "when",
        "action": "fill password",
        "target_hint": "textbox: Password",
        "value": "secret_sauce"
      },
      {
        "type": "when",
        "action": "click login button",
        "target_hint": "button: Login"
      },
      {
        "type": "when",
        "action": "click add to cart button for Sauce Labs Backpack",
        "target_hint": "button: Add to cart"
      },
      {
        "type": "then",
        "action": "assert cart badge shows 1",
        "target_hint": "testid: shopping-cart-badge",
        "value": "1"
      },
      {
        "type": "when",
        "action": "click cart icon",
        "target_hint": "testid: shopping-cart-link"
      },
      {
        "type": "then",
        "action": "assert product is listed in cart",
        "target_hint": "link: Sauce Labs Backpack"
      }
    ]
  },
  {
    "name": "Add multiple products to cart",
    "priority": "medium",
    "category": "happy-path",
    "steps": [
      {
        "type": "given",
        "action": "navigate to login page",
        "target_hint": "url: /"
      },
      {
        "type": "when",
        "action": "fill username",
        "target_hint": "textbox: Username",
        "value": "standard_user"
      },
      {
        "type": "when",
        "action": "fill password",
        "target_hint": "textbox: Password",
        "value": "secret_sauce"
      },
      {
        "type": "when",
        "action": "click login button",
        "target_hint": "button: Login"
      },
      {
        "type": "when",
        "action": "click add to cart button for Sauce Labs Backpack",
        "target_hint": "button: Add to cart"
      },
      {
        "type": "when",
        "action": "click add to cart button for Sauce Labs Bike Light",
        "target_hint": "button: Add to cart"
      },
      {
        "type": "then",
        "action": "assert cart badge shows 2",
        "target_hint": "testid: shopping-cart-badge",
        "value": "2"
      }
    ]
  },
  {
    "name": "Remove product from cart on inventory page",
    "priority": "medium",
    "category": "edge-case",
    "steps": [
      {
        "type": "given",
        "action": "navigate to login page",
        "target_hint": "url: /"
      },
      {
        "type": "when",
        "action": "fill username",
        "target_hint": "textbox: Username",
        "value": "standard_user"
      },
      {
        "type": "when",
        "action": "fill password",
        "target_hint": "textbox: Password",
        "value": "secret_sauce"
      },
      {
        "type": "when",
        "action": "click login button",
        "target_hint": "button: Login"
      },
      {
        "type": "when",
        "action": "click add to cart button for Sauce Labs Backpack",
        "target_hint": "button: Add to cart"
      },
      {
        "type": "when",
        "action": "click remove button for Sauce Labs Backpack",
        "target_hint": "button: Remove"
      },
      {
        "type": "then",
        "action": "assert cart badge is absent",
        "target_hint": "testid: shopping-cart-badge"
      }
    ]
  },
  {
    "name": "Add product from product detail page",
    "priority": "low",
    "category": "happy-path",
    "steps": [
      {
        "type": "given",
        "action": "navigate to login page",
        "target_hint": "url: /"
      },
      {
        "type": "when",
        "action": "fill username",
        "target_hint": "textbox: Username",
        "value": "standard_user"
      },
      {
        "type": "when",
        "action": "fill password",
        "target_hint": "textbox: Password",
        "value": "secret_sauce"
      },
      {
        "type": "when",
        "action": "click login button",
        "target_hint": "button: Login"
      },
      {
        "type": "when",
        "action": "click product link",
        "target_hint": "link: Sauce Labs Backpack"
      },
      {
        "type": "when",
        "action": "click add to cart button",
        "target_hint": "button: Add to cart"
      },
      {
        "type": "then",
        "action": "assert cart badge shows 1",
        "target_hint": "testid: shopping-cart-badge",
        "value": "1"
      }
    ]
  },
  {
    "name": "Verify cart remains populated after navigating back and forth",
    "priority": "low",
    "category": "edge-case",
    "steps": [
      {
        "type": "given",
        "action": "navigate to login page",
        "target_hint": "url: /"
      },
      {
        "type": "when",
        "action": "fill username",
        "target_hint": "textbox: Username",
        "value": "standard_user"
      },
      {
        "type": "when",
        "action": "fill password",
        "target_hint": "textbox: Password",
        "value": "secret_sauce"
      },
      {
        "type": "when",
        "action": "click login button",
        "target_hint": "button: Login"
      },
      {
        "type": "when",
        "action": "click add to cart button for Sauce Labs Backpack",
        "target_hint": "button: Add to cart"
      },
      {
        "type": "when",
        "action": "click cart icon",
        "target_hint": "testid: shopping-cart-link"
      },
      {
        "type": "when",
        "action": "click continue shopping button",
        "target_hint": "text: Continue Shopping"
      },
      {
        "type": "then",
        "action": "assert cart badge shows 1",
        "target_hint": "testid: shopping-cart-badge",
        "value": "1"
      }
    ]
  }
]

=== login_invalid.txt ===
Generated 5 test cases
[
  {
    "name": "Invalid username and password login attempt",
    "priority": "high",
    "category": "negative",
    "steps": [
      {
        "type": "given",
        "action": "navigate to login page",
        "target_hint": "url: /"
      },
      {
        "type": "when",
        "action": "fill username",
        "target_hint": "textbox: Username",
        "value": "wrong_user"
      },
      {
        "type": "when",
        "action": "fill password",
        "target_hint": "textbox: Password",
        "value": "wrong_pass"
      },
      {
        "type": "when",
        "action": "click login button",
        "target_hint": "button: Login"
      },
      {
        "type": "then",
        "action": "assert error message visible",
        "target_hint": "text: Epic sadface: Username and password do not match any user in this service"
      }
    ]
  },
  {
    "name": "Locked out user login attempt",
    "priority": "high",
    "category": "negative",
    "steps": [
      {
        "type": "given",
        "action": "navigate to login page",
        "target_hint": "url: /"
      },
      {
        "type": "when",
        "action": "fill username",
        "target_hint": "textbox: Username",
        "value": "locked_out_user"
      },
      {
        "type": "when",
        "action": "fill password",
        "target_hint": "textbox: Password",
        "value": "secret_sauce"
      },
      {
        "type": "when",
        "action": "click login button",
        "target_hint": "button: Login"
      },
      {
        "type": "then",
        "action": "assert error message visible",
        "target_hint": "text: Epic sadface: Sorry, this user has been locked out."
      }
    ]
  },
  {
    "name": "Blank username login attempt",
    "priority": "medium",
    "category": "negative",
    "steps": [
      {
        "type": "given",
        "action": "navigate to login page",
        "target_hint": "url: /"
      },
      {
        "type": "given",
        "action": "fill username",
        "target_hint": "textbox: Username",
        "value": "standard_user"
      },
      {
        "type": "given",
        "action": "fill password",
        "target_hint": "textbox: Password",
        "value": "secret_sauce"
      },
      {
        "type": "given",
        "action": "click login button",
        "target_hint": "button: Login"
      },
      {
        "type": "given",
        "action": "navigate to login page",
        "target_hint": "url: /"
      },
      {
        "type": "when",
        "action": "fill password",
        "target_hint": "textbox: Password",
        "value": "secret_sauce"
      },
      {
        "type": "when",
        "action": "click login button",
        "target_hint": "button: Login"
      },
      {
        "type": "then",
        "action": "assert error message visible",
        "target_hint": "text: Epic sadface: Username is required"
      }
    ]
  },
  {
    "name": "Blank password login attempt",
    "priority": "medium",
    "category": "negative",
    "steps": [
      {
        "type": "given",
        "action": "navigate to login page",
        "target_hint": "url: /"
      },
      {
        "type": "given",
        "action": "fill username",
        "target_hint": "textbox: Username",
        "value": "standard_user"
      },
      {
        "type": "given",
        "action": "fill password",
        "target_hint": "textbox: Password",
        "value": "secret_sauce"
      },
      {
        "type": "given",
        "action": "click login button",
        "target_hint": "button: Login"
      },
      {
        "type": "given",
        "action": "navigate to login page",
        "target_hint": "url: /"
      },
      {
        "type": "when",
        "action": "fill username",
        "target_hint": "textbox: Username",
        "value": "standard_user"
      },
      {
        "type": "when",
        "action": "click login button",
        "target_hint": "button: Login"
      },
      {
        "type": "then",
        "action": "assert error message visible",
        "target_hint": "text: Epic sadface: Password is required"
      }
    ]
  },
  {
    "name": "Successful login with valid standard user credentials",
    "priority": "high",
    "category": "happy-path",
    "steps": [
      {
        "type": "given",
        "action": "navigate to login page",
        "target_hint": "url: /"
      },
      {
        "type": "when",
        "action": "fill username",
        "target_hint": "textbox: Username",
        "value": "standard_user"
      },
      {
        "type": "when",
        "action": "fill password",
        "target_hint": "textbox: Password",
        "value": "secret_sauce"
      },
      {
        "type": "when",
        "action": "click login button",
        "target_hint": "button: Login"
      },
      {
        "type": "then",
        "action": "assert inventory page loaded",
        "target_hint": "text: Products"
      }
    ]
  }
]

=== login_valid.txt ===
Generated 5 test cases
[
  {
    "name": "Successful login with valid credentials",
    "priority": "high",
    "category": "happy-path",
    "steps": [
      {
        "type": "given",
        "action": "navigate to login page",
        "target_hint": "https://www.saucedemo.com/"
      },
      {
        "type": "when",
        "action": "fill username",
        "target_hint": "textbox: Username",
        "value": "standard_user"
      },
      {
        "type": "when",
        "action": "fill password",
        "target_hint": "textbox: Password",
        "value": "secret_sauce"
      },
      {
        "type": "when",
        "action": "click login button",
        "target_hint": "button: Login"
      },
      {
        "type": "then",
        "action": "assert products heading visible",
        "target_hint": "text: Products"
      }
    ]
  },
  {
    "name": "Login fails with locked out user credentials",
    "priority": "high",
    "category": "negative",
    "steps": [
      {
        "type": "given",
        "action": "navigate to login page",
        "target_hint": "https://www.saucedemo.com/"
      },
      {
        "type": "when",
        "action": "fill username",
        "target_hint": "textbox: Username",
        "value": "locked_out_user"
      },
      {
        "type": "when",
        "action": "fill password",
        "target_hint": "textbox: Password",
        "value": "secret_sauce"
      },
      {
        "type": "when",
        "action": "click login button",
        "target_hint": "button: Login"
      },
      {
        "type": "then",
        "action": "assert locked out error message visible",
        "target_hint": "text: Epic sadface: Sorry, this user has been locked out."
      }
    ]
  },
  {
    "name": "Login fails with incorrect password",
    "priority": "high",
    "category": "negative",
    "steps": [
      {
        "type": "given",
        "action": "navigate to login page",
        "target_hint": "https://www.saucedemo.com/"
      },
      {
        "type": "when",
        "action": "fill username",
        "target_hint": "textbox: Username",
        "value": "standard_user"
      },
      {
        "type": "when",
        "action": "fill password",
        "target_hint": "textbox: Password",
        "value": "wrong_password"
      },
      {
        "type": "when",
        "action": "click login button",
        "target_hint": "button: Login"
      },
      {
        "type": "then",
        "action": "assert credentials mismatch error message visible",
        "target_hint": "text: Epic sadface: Username and password do not match any user in this service"
      }
    ]
  },
  {
    "name": "Login fails with missing username and password",
    "priority": "medium",
    "category": "negative",
    "steps": [
      {
        "type": "given",
        "action": "navigate to login page",
        "target_hint": "url: /"
      },
      {
        "type": "given",
        "action": "fill username",
        "target_hint": "textbox: Username",
        "value": "standard_user"
      },
      {
        "type": "given",
        "action": "fill password",
        "target_hint": "textbox: Password",
        "value": "secret_sauce"
      },
      {
        "type": "given",
        "action": "click login button",
        "target_hint": "button: Login"
      },
      {
        "type": "given",
        "action": "navigate to login page",
        "target_hint": "https://www.saucedemo.com/"
      },
      {
        "type": "when",
        "action": "click login button",
        "target_hint": "button: Login"
      },
      {
        "type": "then",
        "action": "assert missing username error message visible",
        "target_hint": "text: Epic sadface: Username is required"
      }
    ]
  },
  {
    "name": "Login fails with missing password only",
    "priority": "medium",
    "category": "negative",
    "steps": [
      {
        "type": "given",
        "action": "navigate to login page",
        "target_hint": "url: /"
      },
      {
        "type": "given",
        "action": "fill username",
        "target_hint": "textbox: Username",
        "value": "standard_user"
      },
      {
        "type": "given",
        "action": "fill password",
        "target_hint": "textbox: Password",
        "value": "secret_sauce"
      },
      {
        "type": "given",
        "action": "click login button",
        "target_hint": "button: Login"
      },
      {
        "type": "given",
        "action": "navigate to login page",
        "target_hint": "https://www.saucedemo.com/"
      },
      {
        "type": "when",
        "action": "fill username",
        "target_hint": "textbox: Username",
        "value": "standard_user"
      },
      {
        "type": "when",
        "action": "click login button",
        "target_hint": "button: Login"
      },
      {
        "type": "then",
        "action": "assert missing password error message visible",
        "target_hint": "text: Epic sadface: Password is required"
      }
    ]
  }
]

=== Summary: 3/3 stories produced valid JSON (15 total test cases) ===
